
> voice-agent-builder@0.1.0 build
> next build && tsc -p tsconfig.worker.json

Γû▓ Next.js 16.1.6 (Turbopack)
- Environments: .env.local

  Creating an optimized production build ...
node.exe : 
At line:1 char:1
+ & "C:\Program 
Files\nodejs/node.exe" 
"C:\Program 
Files\nodejs/node_mo ...
+ ~~~~~~~~~~~~~~~~~~~~~~~~~~~
~~~~~~~~~~~~~~~~~~~~~~~~~~~~~
~~~~~~~~~~~~~
    + CategoryInfo           
   : NotSpecified: (:String  
  ) [], RemoteException
    + FullyQualifiedErrorId  
   : NativeCommandError
 
> Build error occurred
Error: Turbopack build 
failed with 4 errors:
./src/features/intake/compone
nts/BriefForm.tsx:1:17
Ecmascript file had an error
[0m[31m[1m>[22m[39m[90m
 1 |[39m [36mimport[39m 
[33mReact[39m[33m,[39m { 
useState } [36mfrom[39m 
[32m'react'[39m
 [90m   |[39m              
   [31m[1m^[22m[39m[31m
[1m^[22m[39m[31m[1m^[22m
[39m[31m[1m^[22m[39m[31
m[1m^[22m[39m[31m[1m^[2
2m[39m[31m[1m^[22m[39m[
31m[1m^[22m[39m
 [90m 2 |[39m
 [90m 3 |[39m 
[36mexport[39m 
[36mfunction[39m 
[33mBriefForm[39m() {
 [90m 4 |[39m   
[36mconst[39m 
[step[33m,[39m setStep] 
[33m=[39m 
useState([35m1[39m)[0m

You're importing a component 
that needs `useState`. This 
React Hook only works in a 
Client Component. To fix, 
mark the file (or its 
parent) with the `"use 
client"` directive.

 Learn more: https://nextjs.o
rg/docs/app/api-reference/dir
ectives/use-client



Import trace:
  Server Component:
    ./src/features/intake/com
ponents/BriefForm.tsx
    ./src/app/dashboard/works
paces/new/page.tsx


./src/features/workflow/compo
nents/BuildPageClient.tsx:4:1
Module not found: Can't 
resolve '../../store/useWorkf
lowStore'
[0m [90m 2 |[39m
 [90m 3 |[39m 
[36mimport[39m 
[33mReact[39m[33m,[39m { 
useEffect } [36mfrom[39m 
[32m'react'[39m
[31m[1m>[22m[39m[90m 4 
|[39m [36mimport[39m { 
useWorkflowStore } 
[36mfrom[39m [32m'../../st
ore/useWorkflowStore'[39m
 [90m   |[39m [31m[1m^[2
2m[39m[31m[1m^[22m[39m[
31m[1m^[22m[39m[31m[1m^
[22m[39m[31m[1m^[22m[39m
[31m[1m^[22m[39m[31m[1m
^[22m[39m[31m[1m^[22m[3
9m[31m[1m^[22m[39m[31m[
1m^[22m[39m[31m[1m^[22m
[39m[31m[1m^[22m[39m[31m
[1m^[22m[39m[31m[1m^[22
m[39m[31m[1m^[22m[39m[3
1m[1m^[22m[39m[31m[1m^[
22m[39m[31m[1m^[22m[39m
[31m[1m^[22m[39m[31m[1m^
[22m[39m[31m[1m^[22m[39
m[31m[1m^[22m[39m[31m[1
m^[22m[39m[31m[1m^[22m[
39m[31m[1m^[22m[39m[31m
[1m^[22m[39m[31m[1m^[22m
[39m[31m[1m^[22m[39m[31
m[1m^[22m[39m[31m[1m^[2
2m[39m[31m[1m^[22m[39m[
31m[1m^[22m[39m[31m[1m^
[22m[39m[31m[1m^[22m[39m
[31m[1m^[22m[39m[31m[1m
^[22m[39m[31m[1m^[22m[3
9m[31m[1m^[22m[39m[31m[
1m^[22m[39m[31m[1m^[22m
[39m[31m[1m^[22m[39m[31m
[1m^[22m[39m[31m[1m^[22
m[39m[31m[1m^[22m[39m[3
1m[1m^[22m[39m[31m[1m^[
22m[39m[31m[1m^[22m[39m
[31m[1m^[22m[39m[31m[1m^
[22m[39m[31m[1m^[22m[39
m[31m[1m^[22m[39m[31m[1
m^[22m[39m[31m[1m^[22m[
39m[31m[1m^[22m[39m[31m
[1m^[22m[39m[31m[1m^[22m
[39m[31m[1m^[22m[39m[31
m[1m^[22m[39m[31m[1m^[2
2m[39m[31m[1m^[22m[39m[
31m[1m^[22m[39m[31m[1m^
[22m[39m[31m[1m^[22m[39m
 [90m 5 |[39m 
[36mimport[39m 
[33mCanvas[39m 
[36mfrom[39m 
[32m'./Canvas'[39m
 [90m 6 |[39m 
[36mimport[39m { 
[33mScriptWriter[39m } 
[36mfrom[39m 
[32m'./ScriptWriter'[39m
 [90m 7 |[39m[0m



Import trace:
  Server Component:
    ./src/features/workflow/c
omponents/BuildPageClient.tsx
    ./src/app/dashboard/works
paces/[id]/build/page.tsx

https://nextjs.org/docs/messa
ges/module-not-found


./src/features/workflow/store
/useWorkflowStore.ts:13:1
Module not found: Can't 
resolve '@dagrejs/dagre'
[0m [90m 11 |[39m     [33
mXYPosition[39m[33m,[39m
 [90m 12 |[39m } 
[36mfrom[39m [32m'@xyflow/
react'[39m[33m;[39m
[31m[1m>[22m[39m[90m 13 
|[39m [36mimport[39m 
dagre [36mfrom[39m [32m'@d
agrejs/dagre'[39m[33m;[39m
 [90m    |[39m [31m[1m^[
22m[39m[31m[1m^[22m[39m
[31m[1m^[22m[39m[31m[1m^
[22m[39m[31m[1m^[22m[39
m[31m[1m^[22m[39m[31m[1
m^[22m[39m[31m[1m^[22m[
39m[31m[1m^[22m[39m[31m
[1m^[22m[39m[31m[1m^[22m
[39m[31m[1m^[22m[39m[31
m[1m^[22m[39m[31m[1m^[2
2m[39m[31m[1m^[22m[39m[
31m[1m^[22m[39m[31m[1m^
[22m[39m[31m[1m^[22m[39m
[31m[1m^[22m[39m[31m[1m
^[22m[39m[31m[1m^[22m[3
9m[31m[1m^[22m[39m[31m[
1m^[22m[39m[31m[1m^[22m
[39m[31m[1m^[22m[39m[31m
[1m^[22m[39m[31m[1m^[22
m[39m[31m[1m^[22m[39m[3
1m[1m^[22m[39m[31m[1m^[
22m[39m[31m[1m^[22m[39m
[31m[1m^[22m[39m[31m[1m^
[22m[39m[31m[1m^[22m[39
m[31m[1m^[22m[39m
 [90m 14 |[39m 
[36mimport[39m { [33mValid
ationResult[39m[33m,[39m 
[33mWorkspaceContext[39m } 
[36mfrom[39m [32m'@/types/
workflow'[39m[33m;[39m
 [90m 15 |[39m
 [90m 16 |[39m type 
[33mFlowGraph[39m 
[33m=[39m { 
nodes[33m:[39m 
[33mNode[39m[][33m;[39m 
edges[33m:[39m 
[33mEdge[39m[] 
}[33m;[39m[0m



Import traces:
  Client Component Browser:
    ./src/features/workflow/s
tore/useWorkflowStore.ts 
[Client Component Browser]
    ./src/features/workflow/c
omponents/WorkflowEditor.tsx 
[Client Component Browser]
    ./src/features/workflow/c
omponents/WorkflowEditor.tsx 
[Server Component]
    ./src/app/agent/[id]/work
flow/page.tsx [Server 
Component]

  Client Component SSR:
    ./src/features/workflow/s
tore/useWorkflowStore.ts 
[Client Component SSR]
    ./src/features/workflow/c
omponents/WorkflowEditor.tsx 
[Client Component SSR]
    ./src/features/workflow/c
omponents/WorkflowEditor.tsx 
[Server Component]
    ./src/app/agent/[id]/work
flow/page.tsx [Server 
Component]

https://nextjs.org/docs/messa
ges/module-not-found


./src/features/test/component
s/TestRoom.tsx:6:1
Module not found: Can't 
resolve 
'@livekit/components-styles'
[0m [90m 4 |[39m 
[36mimport[39m { [33mReact
Flow[39m[33m,[39m [33mBac
kground[39m[33m,[39m [33m
Controls[39m[33m,[39m 
[33mNode[39m[33m,[39m 
[33mEdge[39m } 
[36mfrom[39m 
[32m'@xyflow/react'[39m
 [90m 5 |[39m 
[36mimport[39m { nodeTypes 
} [36mfrom[39m [32m'@/feat
ures/workflow/components/node
s'[39m
[31m[1m>[22m[39m[90m 6 
|[39m [36mimport[39m [32m
'@livekit/components-styles'
[39m
 [90m   |[39m [31m[1m^[2
2m[39m[31m[1m^[22m[39m[
31m[1m^[22m[39m[31m[1m^
[22m[39m[31m[1m^[22m[39m
[31m[1m^[22m[39m[31m[1m
^[22m[39m[31m[1m^[22m[3
9m[31m[1m^[22m[39m[31m[
1m^[22m[39m[31m[1m^[22m
[39m[31m[1m^[22m[39m[31m
[1m^[22m[39m[31m[1m^[22
m[39m[31m[1m^[22m[39m[3
1m[1m^[22m[39m[31m[1m^[
22m[39m[31m[1m^[22m[39m
[31m[1m^[22m[39m[31m[1m^
[22m[39m[31m[1m^[22m[39
m[31m[1m^[22m[39m[31m[1
m^[22m[39m[31m[1m^[22m[
39m[31m[1m^[22m[39m[31m
[1m^[22m[39m[31m[1m^[22m
[39m[31m[1m^[22m[39m[31
m[1m^[22m[39m[31m[1m^[2
2m[39m[31m[1m^[22m[39m[
31m[1m^[22m[39m[31m[1m^
[22m[39m[31m[1m^[22m[39m
[31m[1m^[22m[39m
 [90m 7 |[39m
 [90m 8 |[39m type 
[33mCallPhase[39m 
[33m=[39m [32m'idle'[39m 
[33m|[39m 
[32m'connecting'[39m 
[33m|[39m 
[32m'connected'[39m 
[33m|[39m [32m'ended'[39m
 [90m 9 |[39m[0m



Import trace:
  Server Component:
    ./src/features/test/compo
nents/TestRoom.tsx
    ./src/app/dashboard/works
paces/[id]/test/page.tsx

https://nextjs.org/docs/messa
ges/module-not-found


    at <unknown> (./src/featu
res/intake/components/BriefFo
rm.tsx:1:17)
    at <unknown> (./src/featu
res/workflow/components/Build
PageClient.tsx:4:1)
    at <unknown> (https://nex
tjs.org/docs/messages/module-
not-found)
    at <unknown> (./src/featu
res/workflow/store/useWorkflo
wStore.ts:13:1)
    at <unknown> (https://nex
tjs.org/docs/messages/module-
not-found)
    at <unknown> (./src/featu
res/test/components/TestRoom.
tsx:6:1)
    at <unknown> (https://nex
tjs.org/docs/messages/module-
not-found)
