worker/agent.ts(850,26): error TS1470: The 'import.meta' meta-property is not allowed in files which will build into CommonJS output.
